go: inconsistent vendoring in /home/advocate/Advocate/Experiments/Advocate/helper/aplas/realWorld/moby:
	cloud.google.com/go@v0.112.0: is marked as explicit in vendor/modules.txt, but not explicitly required in go.mod
	cloud.google.com/go/compute/metadata@v0.6.0: is marked as explicit in vendor/modules.txt, but not explicitly required in go.mod
	cloud.google.com/go/logging@v1.9.0: is marked as explicit in vendor/modules.txt, but not explicitly required in go.mod
	cloud.google.com/go/longrunning@v0.5.5: is marked as explicit in vendor/modules.txt, but not explicitly required in go.mod
	code.cloudfoundry.org/clock@v1.37.0: is marked as explicit in vendor/modules.txt, but not explicitly required in go.mod
	dario.cat/mergo@v1.0.1: is marked as explicit in vendor/modules.txt, but not explicitly required in go.mod
	github.com/AdaLogics/go-fuzz-headers@v0.0.0-20240806141605-e8a1dd7889d6: is marked as explicit in vendor/modules.txt, but not explicitly required in go.mod
	github.com/Azure/azure-sdk-for-go/sdk/azcore@v1.16.0: is marked as explicit in vendor/modules.txt, but not explicitly required in go.mod
	github.com/Azure/azure-sdk-for-go/sdk/internal@v1.10.0: is marked as explicit in vendor/modules.txt, but not explicitly required in go.mod
	github.com/Azure/azure-sdk-for-go/sdk/storage/azblob@v1.5.0: is marked as explicit in vendor/modules.txt, but not explicitly required in go.mod
	github.com/Azure/go-ansiterm@v0.0.0-20250102033503-faa5f7b0171c: is marked as explicit in vendor/modules.txt, but not explicitly required in go.mod
	github.com/Graylog2/go-gelf@v0.0.0-20191017102106-1550ee647df0: is marked as explicit in vendor/modules.txt, but not explicitly required in go.mod
	github.com/Microsoft/go-winio@v0.6.2: is marked as explicit in vendor/modules.txt, but not explicitly required in go.mod
	github.com/Microsoft/hcsshim@v0.13.0: is marked as explicit in vendor/modules.txt, but not explicitly required in go.mod
	github.com/RackSec/srslog@v0.0.0-20180709174129-a4725f04ec91: is marked as explicit in vendor/modules.txt, but not explicitly required in go.mod
	github.com/agext/levenshtein@v1.2.3: is marked as explicit in vendor/modules.txt, but not explicitly required in go.mod
	github.com/anchore/go-struct-converter@v0.0.0-20221118182256-c68fdcfa2092: is marked as explicit in vendor/modules.txt, but not explicitly required in go.mod
	github.com/armon/circbuf@v0.0.0-20190214190532-5111143e8da2: is marked as explicit in vendor/modules.txt, but not explicitly required in go.mod
	github.com/armon/go-metrics@v0.4.1: is marked as explicit in vendor/modules.txt, but not explicitly required in go.mod
	github.com/aws/aws-sdk-go-v2@v1.30.3: is marked as explicit in vendor/modules.txt, but not explicitly required in go.mod
	github.com/aws/aws-sdk-go-v2/aws/protocol/eventstream@v1.6.3: is marked as explicit in vendor/modules.txt, but not explicitly required in go.mod
	github.com/aws/aws-sdk-go-v2/config@v1.27.27: is marked as explicit in vendor/modules.txt, but not explicitly required in go.mod
	github.com/aws/aws-sdk-go-v2/credentials@v1.17.27: is marked as explicit in vendor/modules.txt, but not explicitly required in go.mod
	github.com/aws/aws-sdk-go-v2/feature/ec2/imds@v1.16.11: is marked as explicit in vendor/modules.txt, but not explicitly required in go.mod
	github.com/aws/aws-sdk-go-v2/internal/configsources@v1.3.15: is marked as explicit in vendor/modules.txt, but not explicitly required in go.mod
	github.com/aws/aws-sdk-go-v2/internal/endpoints/v2@v2.6.15: is marked as explicit in vendor/modules.txt, but not explicitly required in go.mod
	github.com/aws/aws-sdk-go-v2/internal/ini@v1.8.0: is marked as explicit in vendor/modules.txt, but not explicitly required in go.mod
	github.com/aws/aws-sdk-go-v2/service/cloudwatchlogs@v1.32.0: is marked as explicit in vendor/modules.txt, but not explicitly required in go.mod
	github.com/aws/aws-sdk-go-v2/service/internal/accept-encoding@v1.11.3: is marked as explicit in vendor/modules.txt, but not explicitly required in go.mod
	github.com/aws/aws-sdk-go-v2/service/internal/presigned-url@v1.11.17: is marked as explicit in vendor/modules.txt, but not explicitly required in go.mod
	github.com/aws/aws-sdk-go-v2/service/sso@v1.22.4: is marked as explicit in vendor/modules.txt, but not explicitly required in go.mod
	github.com/aws/aws-sdk-go-v2/service/ssooidc@v1.26.4: is marked as explicit in vendor/modules.txt, but not explicitly required in go.mod
	github.com/aws/aws-sdk-go-v2/service/sts@v1.30.3: is marked as explicit in vendor/modules.txt, but not explicitly required in go.mod
	github.com/aws/smithy-go@v1.20.3: is marked as explicit in vendor/modules.txt, but not explicitly required in go.mod
	github.com/beorn7/perks@v1.0.1: is marked as explicit in vendor/modules.txt, but not explicitly required in go.mod
	github.com/bits-and-blooms/bitset@v1.13.0: is marked as explicit in vendor/modules.txt, but not explicitly required in go.mod
	github.com/cenkalti/backoff/v4@v4.3.0: is marked as explicit in vendor/modules.txt, but not explicitly required in go.mod
	github.com/cespare/xxhash/v2@v2.3.0: is marked as explicit in vendor/modules.txt, but not explicitly required in go.mod
	github.com/cilium/ebpf@v0.17.3: is marked as explicit in vendor/modules.txt, but not explicitly required in go.mod
	github.com/cloudflare/cfssl@v1.6.4: is marked as explicit in vendor/modules.txt, but not explicitly required in go.mod
	github.com/container-storage-interface/spec@v1.5.0: is marked as explicit in vendor/modules.txt, but not explicitly required in go.mod
	github.com/containerd/accelerated-container-image@v1.3.0: is marked as explicit in vendor/modules.txt, but not explicitly required in go.mod
	github.com/containerd/cgroups/v3@v3.0.5: is marked as explicit in vendor/modules.txt, but not explicitly required in go.mod
	github.com/containerd/console@v1.0.5: is marked as explicit in vendor/modules.txt, but not explicitly required in go.mod
	github.com/containerd/containerd/api@v1.9.0: is marked as explicit in vendor/modules.txt, but not explicitly required in go.mod
	github.com/containerd/containerd/v2@v2.1.3: is marked as explicit in vendor/modules.txt, but not explicitly required in go.mod
	github.com/containerd/continuity@v0.4.5: is marked as explicit in vendor/modules.txt, but not explicitly required in go.mod
	github.com/containerd/errdefs@v1.0.0: is marked as explicit in vendor/modules.txt, but not explicitly required in go.mod
	github.com/containerd/errdefs/pkg@v0.3.0: is marked as explicit in vendor/modules.txt, but not explicitly required in go.mod
	github.com/containerd/fifo@v1.1.0: is marked as explicit in vendor/modules.txt, but not explicitly required in go.mod
	github.com/containerd/go-cni@v1.1.12: is marked as explicit in vendor/modules.txt, but not explicitly required in go.mod
	github.com/containerd/go-runc@v1.1.0: is marked as explicit in vendor/modules.txt, but not explicitly required in go.mod
	github.com/containerd/log@v0.1.0: is marked as explicit in vendor/modules.txt, but not explicitly required in go.mod
	github.com/containerd/nydus-snapshotter@v0.15.2: is marked as explicit in vendor/modules.txt, but not explicitly required in go.mod
	github.com/containerd/platforms@v1.0.0-rc.1: is marked as explicit in vendor/modules.txt, but not explicitly required in go.mod
	github.com/containerd/plugin@v1.0.0: is marked as explicit in vendor/modules.txt, but not explicitly required in go.mod
	github.com/containerd/stargz-snapshotter/estargz@v0.16.3: is marked as explicit in vendor/modules.txt, but not explicitly required in go.mod
	github.com/containerd/ttrpc@v1.2.7: is marked as explicit in vendor/modules.txt, but not explicitly required in go.mod
	github.com/containerd/typeurl/v2@v2.2.3: is marked as explicit in vendor/modules.txt, but not explicitly required in go.mod
	github.com/containernetworking/cni@v1.3.0: is marked as explicit in vendor/modules.txt, but not explicitly required in go.mod
	github.com/containernetworking/plugins@v1.7.1: is marked as explicit in vendor/modules.txt, but not explicitly required in go.mod
	github.com/coreos/go-systemd/v22@v22.5.0: is marked as explicit in vendor/modules.txt, but not explicitly required in go.mod
	github.com/cpuguy83/tar2go@v0.3.1: is marked as explicit in vendor/modules.txt, but not explicitly required in go.mod
	github.com/creack/pty@v1.1.24: is marked as explicit in vendor/modules.txt, but not explicitly required in go.mod
	github.com/cyphar/filepath-securejoin@v0.4.1: is marked as explicit in vendor/modules.txt, but not explicitly required in go.mod
	github.com/davecgh/go-spew@v1.1.1: is marked as explicit in vendor/modules.txt, but not explicitly required in go.mod
	github.com/deckarep/golang-set/v2@v2.3.0: is marked as explicit in vendor/modules.txt, but not explicitly required in go.mod
	github.com/dimchansky/utfbom@v1.1.1: is marked as explicit in vendor/modules.txt, but not explicitly required in go.mod
	github.com/distribution/reference@v0.6.0: is marked as explicit in vendor/modules.txt, but not explicitly required in go.mod
	github.com/docker/distribution@v2.8.3+incompatible: is marked as explicit in vendor/modules.txt, but not explicitly required in go.mod
	github.com/docker/go-connections@v0.5.0: is marked as explicit in vendor/modules.txt, but not explicitly required in go.mod
	github.com/docker/go-events@v0.0.0-20190806004212-e31b211e4f1c: is marked as explicit in vendor/modules.txt, but not explicitly required in go.mod
	github.com/docker/go-metrics@v0.0.1: is marked as explicit in vendor/modules.txt, but not explicitly required in go.mod
	github.com/docker/go-units@v0.5.0: is marked as explicit in vendor/modules.txt, but not explicitly required in go.mod
	github.com/dustin/go-humanize@v1.0.0: is marked as explicit in vendor/modules.txt, but not explicitly required in go.mod
	github.com/felixge/httpsnoop@v1.0.4: is marked as explicit in vendor/modules.txt, but not explicitly required in go.mod
	github.com/fernet/fernet-go@v0.0.0-20211208181803-9f70042a33ee: is marked as explicit in vendor/modules.txt, but not explicitly required in go.mod
	github.com/fluent/fluent-logger-golang@v1.9.0: is marked as explicit in vendor/modules.txt, but not explicitly required in go.mod
	github.com/fsnotify/fsnotify@v1.9.0: is marked as explicit in vendor/modules.txt, but not explicitly required in go.mod
	github.com/go-logr/logr@v1.4.2: is marked as explicit in vendor/modules.txt, but not explicitly required in go.mod
	github.com/go-logr/stdr@v1.2.2: is marked as explicit in vendor/modules.txt, but not explicitly required in go.mod
	github.com/godbus/dbus/v5@v5.1.0: is marked as explicit in vendor/modules.txt, but not explicitly required in go.mod
	github.com/gofrs/flock@v0.12.1: is marked as explicit in vendor/modules.txt, but not explicitly required in go.mod
	github.com/gogo/protobuf@v1.3.2: is marked as explicit in vendor/modules.txt, but not explicitly required in go.mod
	github.com/golang-jwt/jwt/v5@v5.2.2: is marked as explicit in vendor/modules.txt, but not explicitly required in go.mod
	github.com/golang/gddo@v0.0.0-20190904175337-72a348e765d2: is marked as explicit in vendor/modules.txt, but not explicitly required in go.mod
	github.com/golang/groupcache@v0.0.0-20210331224755-41bb18bfe9da: is marked as explicit in vendor/modules.txt, but not explicitly required in go.mod
	github.com/golang/protobuf@v1.5.4: is marked as explicit in vendor/modules.txt, but not explicitly required in go.mod
	github.com/google/btree@v1.1.2: is marked as explicit in vendor/modules.txt, but not explicitly required in go.mod
	github.com/google/certificate-transparency-go@v1.1.4: is marked as explicit in vendor/modules.txt, but not explicitly required in go.mod
	github.com/google/go-cmp@v0.7.0: is marked as explicit in vendor/modules.txt, but not explicitly required in go.mod
	github.com/google/s2a-go@v0.1.7: is marked as explicit in vendor/modules.txt, but not explicitly required in go.mod
	github.com/google/shlex@v0.0.0-20191202100458-e7afc7fbc510: is marked as explicit in vendor/modules.txt, but not explicitly required in go.mod
	github.com/google/uuid@v1.6.0: is marked as explicit in vendor/modules.txt, but not explicitly required in go.mod
	github.com/googleapis/enterprise-certificate-proxy@v0.3.2: is marked as explicit in vendor/modules.txt, but not explicitly required in go.mod
	github.com/googleapis/gax-go/v2@v2.12.0: is marked as explicit in vendor/modules.txt, but not explicitly required in go.mod
	github.com/gorilla/mux@v1.8.1: is marked as explicit in vendor/modules.txt, but not explicitly required in go.mod
	github.com/grpc-ecosystem/go-grpc-prometheus@v1.2.0: is marked as explicit in vendor/modules.txt, but not explicitly required in go.mod
	github.com/grpc-ecosystem/grpc-gateway/v2@v2.26.1: is marked as explicit in vendor/modules.txt, but not explicitly required in go.mod
	github.com/hashicorp/errwrap@v1.1.0: is marked as explicit in vendor/modules.txt, but not explicitly required in go.mod
	github.com/hashicorp/go-immutable-radix@v1.3.1: is marked as explicit in vendor/modules.txt, but not explicitly required in go.mod
	github.com/hashicorp/go-immutable-radix/v2@v2.1.0: is marked as explicit in vendor/modules.txt, but not explicitly required in go.mod
	github.com/hashicorp/go-memdb@v1.3.2: is marked as explicit in vendor/modules.txt, but not explicitly required in go.mod
	github.com/hashicorp/go-msgpack@v0.5.5: is marked as explicit in vendor/modules.txt, but not explicitly required in go.mod
	github.com/hashicorp/go-multierror@v1.1.1: is marked as explicit in vendor/modules.txt, but not explicitly required in go.mod
	github.com/hashicorp/go-sockaddr@v1.0.2: is marked as explicit in vendor/modules.txt, but not explicitly required in go.mod
	github.com/hashicorp/golang-lru@v0.5.4: is marked as explicit in vendor/modules.txt, but not explicitly required in go.mod
	github.com/hashicorp/golang-lru/v2@v2.0.7: is marked as explicit in vendor/modules.txt, but not explicitly required in go.mod
	github.com/hashicorp/memberlist@v0.4.0: is marked as explicit in vendor/modules.txt, but not explicitly required in go.mod
	github.com/hashicorp/serf@v0.8.5: is marked as explicit in vendor/modules.txt, but not explicitly required in go.mod
	github.com/in-toto/in-toto-golang@v0.9.0: is marked as explicit in vendor/modules.txt, but not explicitly required in go.mod
	github.com/inconshreveable/mousetrap@v1.1.0: is marked as explicit in vendor/modules.txt, but not explicitly required in go.mod
	github.com/ishidawataru/sctp@v0.0.0-20250708014235-1989182a9425: is marked as explicit in vendor/modules.txt, but not explicitly required in go.mod
	github.com/jmoiron/sqlx@v1.3.3: is marked as explicit in vendor/modules.txt, but not explicitly required in go.mod
	github.com/klauspost/compress@v1.18.0: is marked as explicit in vendor/modules.txt, but not explicitly required in go.mod
	github.com/miekg/dns@v1.1.66: is marked as explicit in vendor/modules.txt, but not explicitly required in go.mod
	github.com/mistifyio/go-zfs/v3@v3.0.1: is marked as explicit in vendor/modules.txt, but not explicitly required in go.mod
	github.com/mitchellh/copystructure@v1.2.0: is marked as explicit in vendor/modules.txt, but not explicitly required in go.mod
	github.com/mitchellh/hashstructure/v2@v2.0.2: is marked as explicit in vendor/modules.txt, but not explicitly required in go.mod
	github.com/mitchellh/reflectwalk@v1.0.2: is marked as explicit in vendor/modules.txt, but not explicitly required in go.mod
	github.com/moby/buildkit@v0.23.2: is marked as explicit in vendor/modules.txt, but not explicitly required in go.mod
	github.com/moby/docker-image-spec@v1.3.1: is marked as explicit in vendor/modules.txt, but not explicitly required in go.mod
	github.com/moby/go-archive@v0.1.0: is marked as explicit in vendor/modules.txt, but not explicitly required in go.mod
	github.com/moby/ipvs@v1.1.0: is marked as explicit in vendor/modules.txt, but not explicitly required in go.mod
	github.com/moby/locker@v1.0.1: is marked as explicit in vendor/modules.txt, but not explicitly required in go.mod
	github.com/moby/moby/api@v0.0.0: is marked as explicit in vendor/modules.txt, but not explicitly required in go.mod
	github.com/moby/moby/client@v0.0.0: is marked as explicit in vendor/modules.txt, but not explicitly required in go.mod
	github.com/moby/patternmatcher@v0.6.0: is marked as explicit in vendor/modules.txt, but not explicitly required in go.mod
	github.com/moby/profiles/apparmor@v0.1.0: is marked as explicit in vendor/modules.txt, but not explicitly required in go.mod
	github.com/moby/profiles/seccomp@v0.1.0: is marked as explicit in vendor/modules.txt, but not explicitly required in go.mod
	github.com/moby/pubsub@v1.0.0: is marked as explicit in vendor/modules.txt, but not explicitly required in go.mod
	github.com/moby/swarmkit/v2@v2.0.0: is marked as explicit in vendor/modules.txt, but not explicitly required in go.mod
	github.com/moby/sys/atomicwriter@v0.1.0: is marked as explicit in vendor/modules.txt, but not explicitly required in go.mod
	github.com/moby/sys/mount@v0.3.4: is marked as explicit in vendor/modules.txt, but not explicitly required in go.mod
	github.com/moby/sys/mountinfo@v0.7.2: is marked as explicit in vendor/modules.txt, but not explicitly required in go.mod
	github.com/moby/sys/reexec@v0.1.0: is marked as explicit in vendor/modules.txt, but not explicitly required in go.mod
	github.com/moby/sys/sequential@v0.6.0: is marked as explicit in vendor/modules.txt, but not explicitly required in go.mod
	github.com/moby/sys/signal@v0.7.1: is marked as explicit in vendor/modules.txt, but not explicitly required in go.mod
	github.com/moby/sys/symlink@v0.3.0: is marked as explicit in vendor/modules.txt, but not explicitly required in go.mod
	github.com/moby/sys/user@v0.4.0: is marked as explicit in vendor/modules.txt, but not explicitly required in go.mod
	github.com/moby/sys/userns@v0.1.0: is marked as explicit in vendor/modules.txt, but not explicitly required in go.mod
	github.com/moby/term@v0.5.2: is marked as explicit in vendor/modules.txt, but not explicitly required in go.mod
	github.com/montanaflynn/stats@v0.7.1: is marked as explicit in vendor/modules.txt, but not explicitly required in go.mod
	github.com/morikuni/aec@v1.0.0: is marked as explicit in vendor/modules.txt, but not explicitly required in go.mod
	github.com/munnerz/goautoneg@v0.0.0-20191010083416-a7dc8b61c822: is marked as explicit in vendor/modules.txt, but not explicitly required in go.mod
	github.com/opencontainers/cgroups@v0.0.4: is marked as explicit in vendor/modules.txt, but not explicitly required in go.mod
	github.com/opencontainers/go-digest@v1.0.0: is marked as explicit in vendor/modules.txt, but not explicitly required in go.mod
	github.com/opencontainers/image-spec@v1.1.1: is marked as explicit in vendor/modules.txt, but not explicitly required in go.mod
	github.com/opencontainers/runtime-spec@v1.2.1: is marked as explicit in vendor/modules.txt, but not explicitly required in go.mod
	github.com/opencontainers/runtime-tools@v0.9.1-0.20221107090550-2e043c6bd626: is marked as explicit in vendor/modules.txt, but not explicitly required in go.mod
	github.com/opencontainers/selinux@v1.12.0: is marked as explicit in vendor/modules.txt, but not explicitly required in go.mod
	github.com/package-url/packageurl-go@v0.1.1: is marked as explicit in vendor/modules.txt, but not explicitly required in go.mod
	github.com/pelletier/go-toml@v1.9.5: is marked as explicit in vendor/modules.txt, but not explicitly required in go.mod
	github.com/pelletier/go-toml/v2@v2.2.4: is marked as explicit in vendor/modules.txt, but not explicitly required in go.mod
	github.com/petermattis/goid@v0.0.0-20240813172612-4fcff4a6cae7: is marked as explicit in vendor/modules.txt, but not explicitly required in go.mod
	github.com/philhofer/fwd@v1.1.2: is marked as explicit in vendor/modules.txt, but not explicitly required in go.mod
	github.com/pkg/errors@v0.9.1: is marked as explicit in vendor/modules.txt, but not explicitly required in go.mod
	github.com/planetscale/vtprotobuf@v0.6.1-0.20240319094008-0393e58bdf10: is marked as explicit in vendor/modules.txt, but not explicitly required in go.mod
	github.com/pmezard/go-difflib@v1.0.0: is marked as explicit in vendor/modules.txt, but not explicitly required in go.mod
	github.com/prometheus/client_golang@v1.22.0: is marked as explicit in vendor/modules.txt, but not explicitly required in go.mod
	github.com/prometheus/client_model@v0.6.1: is marked as explicit in vendor/modules.txt, but not explicitly required in go.mod
	github.com/prometheus/common@v0.62.0: is marked as explicit in vendor/modules.txt, but not explicitly required in go.mod
	github.com/prometheus/procfs@v0.15.1: is marked as explicit in vendor/modules.txt, but not explicitly required in go.mod
	github.com/rootless-containers/rootlesskit/v2@v2.3.4: is marked as explicit in vendor/modules.txt, but not explicitly required in go.mod
	github.com/sasha-s/go-deadlock@v0.3.5: is marked as explicit in vendor/modules.txt, but not explicitly required in go.mod
	github.com/sean-/seed@v0.0.0-20170313163322-e2103e2c3529: is marked as explicit in vendor/modules.txt, but not explicitly required in go.mod
	github.com/secure-systems-lab/go-securesystemslib@v0.6.0: is marked as explicit in vendor/modules.txt, but not explicitly required in go.mod
	github.com/shibumi/go-pathspec@v1.3.0: is marked as explicit in vendor/modules.txt, but not explicitly required in go.mod
	github.com/sirupsen/logrus@v1.9.3: is marked as explicit in vendor/modules.txt, but not explicitly required in go.mod
	github.com/spdx/tools-golang@v0.5.5: is marked as explicit in vendor/modules.txt, but not explicitly required in go.mod
	github.com/spf13/cobra@v1.9.1: is marked as explicit in vendor/modules.txt, but not explicitly required in go.mod
	github.com/spf13/pflag@v1.0.6: is marked as explicit in vendor/modules.txt, but not explicitly required in go.mod
	github.com/stretchr/testify@v1.10.0: is marked as explicit in vendor/modules.txt, but not explicitly required in go.mod
	github.com/syndtr/gocapability@v0.0.0-20200815063812-42c35b437635: is marked as explicit in vendor/modules.txt, but not explicitly required in go.mod
	github.com/tinylib/msgp@v1.1.8: is marked as explicit in vendor/modules.txt, but not explicitly required in go.mod
	github.com/tonistiigi/dchapes-mode@v0.0.0-20250318174251-73d941a28323: is marked as explicit in vendor/modules.txt, but not explicitly required in go.mod
	github.com/tonistiigi/fsutil@v0.0.0-20250605211040-586307ad452f: is marked as explicit in vendor/modules.txt, but not explicitly required in go.mod
	github.com/tonistiigi/go-actions-cache@v0.0.0-20250626083717-378c5ed1ddd9: is marked as explicit in vendor/modules.txt, but not explicitly required in go.mod
	github.com/tonistiigi/go-archvariant@v1.0.0: is marked as explicit in vendor/modules.txt, but not explicitly required in go.mod
	github.com/tonistiigi/go-csvvalue@v0.0.0-20240814133006-030d3b2625d0: is marked as explicit in vendor/modules.txt, but not explicitly required in go.mod
	github.com/tonistiigi/units@v0.0.0-20180711220420-6950e57a87ea: is marked as explicit in vendor/modules.txt, but not explicitly required in go.mod
	github.com/tonistiigi/vt100@v0.0.0-20240514184818-90bafcd6abab: is marked as explicit in vendor/modules.txt, but not explicitly required in go.mod
	github.com/vbatts/tar-split@v0.12.1: is marked as explicit in vendor/modules.txt, but not explicitly required in go.mod
	github.com/vishvananda/netlink@v1.3.1: is marked as explicit in vendor/modules.txt, but not explicitly required in go.mod
	github.com/vishvananda/netns@v0.0.5: is marked as explicit in vendor/modules.txt, but not explicitly required in go.mod
	github.com/weppos/publicsuffix-go@v0.15.1-0.20210511084619-b1f36a2d6c0b: is marked as explicit in vendor/modules.txt, but not explicitly required in go.mod
	github.com/zmap/zcrypto@v0.0.0-20210511125630-18f1e0152cfc: is marked as explicit in vendor/modules.txt, but not explicitly required in go.mod
	github.com/zmap/zlint/v3@v3.1.0: is marked as explicit in vendor/modules.txt, but not explicitly required in go.mod
	go.etcd.io/bbolt@v1.4.0: is marked as explicit in vendor/modules.txt, but not explicitly required in go.mod
	go.etcd.io/etcd/client/pkg/v3@v3.5.16: is marked as explicit in vendor/modules.txt, but not explicitly required in go.mod
	go.etcd.io/etcd/pkg/v3@v3.5.16: is marked as explicit in vendor/modules.txt, but not explicitly required in go.mod
	go.etcd.io/etcd/raft/v3@v3.5.16: is marked as explicit in vendor/modules.txt, but not explicitly required in go.mod
	go.etcd.io/etcd/server/v3@v3.5.16: is marked as explicit in vendor/modules.txt, but not explicitly required in go.mod
	go.opencensus.io@v0.24.0: is marked as explicit in vendor/modules.txt, but not explicitly required in go.mod
	go.opentelemetry.io/auto/sdk@v1.1.0: is marked as explicit in vendor/modules.txt, but not explicitly required in go.mod
	go.opentelemetry.io/contrib/instrumentation/google.golang.org/grpc/otelgrpc@v0.60.0: is marked as explicit in vendor/modules.txt, but not explicitly required in go.mod
	go.opentelemetry.io/contrib/instrumentation/net/http/httptrace/otelhttptrace@v0.60.0: is marked as explicit in vendor/modules.txt, but not explicitly required in go.mod
	go.opentelemetry.io/contrib/instrumentation/net/http/otelhttp@v0.60.0: is marked as explicit in vendor/modules.txt, but not explicitly required in go.mod
	go.opentelemetry.io/contrib/processors/baggagecopy@v0.4.0: is marked as explicit in vendor/modules.txt, but not explicitly required in go.mod
	go.opentelemetry.io/otel@v1.35.0: is marked as explicit in vendor/modules.txt, but not explicitly required in go.mod
	go.opentelemetry.io/otel/exporters/otlp/otlpmetric/otlpmetricgrpc@v1.35.0: is marked as explicit in vendor/modules.txt, but not explicitly required in go.mod
	go.opentelemetry.io/otel/exporters/otlp/otlpmetric/otlpmetrichttp@v1.35.0: is marked as explicit in vendor/modules.txt, but not explicitly required in go.mod
	go.opentelemetry.io/otel/exporters/otlp/otlptrace@v1.35.0: is marked as explicit in vendor/modules.txt, but not explicitly required in go.mod
	go.opentelemetry.io/otel/exporters/otlp/otlptrace/otlptracegrpc@v1.35.0: is marked as explicit in vendor/modules.txt, but not explicitly required in go.mod
	go.opentelemetry.io/otel/exporters/otlp/otlptrace/otlptracehttp@v1.35.0: is marked as explicit in vendor/modules.txt, but not explicitly required in go.mod
	go.opentelemetry.io/otel/metric@v1.35.0: is marked as explicit in vendor/modules.txt, but not explicitly required in go.mod
	go.opentelemetry.io/otel/sdk@v1.35.0: is marked as explicit in vendor/modules.txt, but not explicitly required in go.mod
	go.opentelemetry.io/otel/sdk/metric@v1.35.0: is marked as explicit in vendor/modules.txt, but not explicitly required in go.mod
	go.opentelemetry.io/otel/trace@v1.35.0: is marked as explicit in vendor/modules.txt, but not explicitly required in go.mod
	go.opentelemetry.io/proto/otlp@v1.5.0: is marked as explicit in vendor/modules.txt, but not explicitly required in go.mod
	go.uber.org/atomic@v1.9.0: is marked as explicit in vendor/modules.txt, but not explicitly required in go.mod
	go.uber.org/multierr@v1.8.0: is marked as explicit in vendor/modules.txt, but not explicitly required in go.mod
	go.uber.org/zap@v1.21.0: is marked as explicit in vendor/modules.txt, but not explicitly required in go.mod
	golang.org/x/crypto@v0.37.0: is marked as explicit in vendor/modules.txt, but not explicitly required in go.mod
	golang.org/x/mod@v0.24.0: is marked as explicit in vendor/modules.txt, but not explicitly required in go.mod
	golang.org/x/net@v0.39.0: is marked as explicit in vendor/modules.txt, but not explicitly required in go.mod
	golang.org/x/oauth2@v0.29.0: is marked as explicit in vendor/modules.txt, but not explicitly required in go.mod
	golang.org/x/sync@v0.14.0: is marked as explicit in vendor/modules.txt, but not explicitly required in go.mod
	golang.org/x/sys@v0.33.0: is marked as explicit in vendor/modules.txt, but not explicitly required in go.mod
	golang.org/x/text@v0.24.0: is marked as explicit in vendor/modules.txt, but not explicitly required in go.mod
	golang.org/x/time@v0.11.0: is marked as explicit in vendor/modules.txt, but not explicitly required in go.mod
	golang.org/x/tools@v0.32.0: is marked as explicit in vendor/modules.txt, but not explicitly required in go.mod
	google.golang.org/api@v0.160.0: is marked as explicit in vendor/modules.txt, but not explicitly required in go.mod
	google.golang.org/genproto@v0.0.0-20240227224415-6ceb2ff114de: is marked as explicit in vendor/modules.txt, but not explicitly required in go.mod
	google.golang.org/genproto/googleapis/api@v0.0.0-20250218202821-56aae31c358a: is marked as explicit in vendor/modules.txt, but not explicitly required in go.mod
	google.golang.org/genproto/googleapis/rpc@v0.0.0-20250218202821-56aae31c358a: is marked as explicit in vendor/modules.txt, but not explicitly required in go.mod
	google.golang.org/grpc@v1.72.2: is marked as explicit in vendor/modules.txt, but not explicitly required in go.mod
	google.golang.org/protobuf@v1.36.6: is marked as explicit in vendor/modules.txt, but not explicitly required in go.mod
	gopkg.in/yaml.v3@v3.0.1: is marked as explicit in vendor/modules.txt, but not explicitly required in go.mod
	gotest.tools/v3@v3.5.2: is marked as explicit in vendor/modules.txt, but not explicitly required in go.mod
	k8s.io/klog/v2@v2.130.1: is marked as explicit in vendor/modules.txt, but not explicitly required in go.mod
	pgregory.net/rapid@v1.2.0: is marked as explicit in vendor/modules.txt, but not explicitly required in go.mod
	resenje.org/singleflight@v0.4.3: is marked as explicit in vendor/modules.txt, but not explicitly required in go.mod
	sigs.k8s.io/yaml@v1.4.0: is marked as explicit in vendor/modules.txt, but not explicitly required in go.mod
	tags.cncf.io/container-device-interface@v1.0.1: is marked as explicit in vendor/modules.txt, but not explicitly required in go.mod
	tags.cncf.io/container-device-interface/specs-go@v1.0.0: is marked as explicit in vendor/modules.txt, but not explicitly required in go.mod
	github.com/moby/moby/api@v0.0.0: is marked as replaced in vendor/modules.txt, but not replaced in go.mod
	github.com/moby/moby/client@v0.0.0: is marked as replaced in vendor/modules.txt, but not replaced in go.mod
	github.com/moby/moby/api: is marked as replaced in vendor/modules.txt, but not replaced in go.mod
	github.com/moby/moby/client: is marked as replaced in vendor/modules.txt, but not replaced in go.mod

	To ignore the vendor directory, use -mod=readonly or -mod=mod.
	To sync the vendor directory, run:
		go mod vendor
