2026/06/05 15:42:16 Run go mod tidy
2026/06/05 15:42:16 Start fuzzing in mode GoCRHB
2026/06/05 15:42:16 Run fuzzing on all tests
2026/06/05 15:42:16 Found 1 test files
2026/06/05 15:42:16 Processing file: /home/advocate/Advocate/Experiments/Advocate/helper/aplas/output/overheadRout/prog/Rout_test.go
2026/06/05 15:42:16 Fuzzing Run:  1
2026/06/05 15:42:16 Create  /home/advocate/Advocate/Experiments/Advocate/helper/aplas/output/overheadRout/prog/advocateResult/file(1)-test(1)-Rout_test-Test10
2026/06/05 15:42:16 Execute Test
2026/06/05 15:42:18 Text executed
2026/06/05 15:42:18 Run the analyzer for /home/advocate/Advocate/Experiments/Advocate/helper/aplas/output/overheadRout/prog/advocateTrace
2026/06/05 15:42:18 Read trace with 23 elements in 11 routines
2026/06/05 15:42:18 Start Analysis
2026/06/05 15:42:18 Finished HB analysis
2026/06/05 15:42:18 Analysis finished
2026/06/05 15:42:18 Finished Rewrite
2026/06/05 15:42:18 Number Results:  0
2026/06/05 15:42:18 Successfully rewrites:  0
2026/06/05 15:42:18 No need/not possible to rewrite:  0
2026/06/05 15:42:18 Failed rewrites:  0
2026/06/05 15:42:18 Start guided execution
2026/06/05 15:42:18 Found 0 rewritten traces
2026/06/05 15:42:18 Create bug reports
2026/06/05 15:42:18 Create statistics
2026/06/05 15:42:18 Finished run for Test10
2026/06/05 15:42:18 Parse recorded trace for fuzzing information
2026/06/05 15:42:18 Create mutations
2026/06/05 15:42:18 Create GoPie mutations
2026/06/05 15:42:18 Mutate 0 scheduling chains
2026/06/05 15:42:18 Write 0 mutations to file
2026/06/05 15:42:18 Create statistics
2026/06/05 15:42:18 Current fuzzing queue size: 0
2026/06/05 15:42:18 Remaining fuzzing time: 9:58 min
2026/06/05 15:42:18 Finish fuzzing after 1 runs
2026/06/05 15:42:18 Create fuzzing statistics
2026/06/05 15:42:18 Create program statistics
2026/06/05 15:42:18 Finished with 0 errors
2026/06/05 15:42:18 No internal replay timeouts occurred
2026/06/05 15:42:18 No bugs have been found/indicated
