2026/06/08 17:00:09 Run go mod tidy
2026/06/08 17:00:09 Start fuzzing in mode GoCRHB
2026/06/08 17:00:09 Run fuzzing on all tests
2026/06/08 17:00:09 Found 1 test files
2026/06/08 17:00:09 Processing file: /home/erik/Arbeit/ADVOCATE/helper/aplas/output/overheadRout/prog/Rout_test.go
2026/06/08 17:00:09 Fuzzing Run:  1
2026/06/08 17:00:09 Create  /home/erik/Arbeit/ADVOCATE/helper/aplas/output/overheadRout/prog/advocateResult/file(1)-test(1)-Rout_test-Test10
2026/06/08 17:00:09 Execute Test
2026/06/08 17:00:10 Text executed
2026/06/08 17:00:10 Run the analyzer for /home/erik/Arbeit/ADVOCATE/helper/aplas/output/overheadRout/prog/advocateTrace
2026/06/08 17:00:10 Read trace with 33 elements in 11 routines
2026/06/08 17:00:10 Start Analysis
2026/06/08 17:00:10 Finished HB analysis
2026/06/08 17:00:10 Analysis finished
2026/06/08 17:00:10 Finished Rewrite
2026/06/08 17:00:10 Number Results:  0
2026/06/08 17:00:10 Successfully rewrites:  0
2026/06/08 17:00:10 No need/not possible to rewrite:  0
2026/06/08 17:00:10 Failed rewrites:  0
2026/06/08 17:00:10 Start guided execution
2026/06/08 17:00:10 Found 0 rewritten traces
2026/06/08 17:00:10 Create bug reports
2026/06/08 17:00:10 Create statistics
2026/06/08 17:00:10 Finished run for Test10
2026/06/08 17:00:10 Parse recorded trace for fuzzing information
2026/06/08 17:00:10 Create mutations
2026/06/08 17:00:10 Create GoPie mutations
2026/06/08 17:00:10 Mutate 24 scheduling chains
2026/06/08 17:00:10 Write 20 mutations to file
2026/06/08 17:00:10 Create statistics
2026/06/08 17:00:10 Current fuzzing queue size: 20
2026/06/08 17:00:10 Remaining fuzzing time: 9:58 min
2026/06/08 17:00:10 Fuzzing Run:  2
2026/06/08 17:00:10 Execute Test
2026/06/08 17:00:16 Text executed
2026/06/08 17:00:16 Run the analyzer for /home/erik/Arbeit/ADVOCATE/helper/aplas/output/overheadRout/prog/advocateTrace
2026/06/08 17:00:16 Trace at /home/erik/Arbeit/ADVOCATE/helper/aplas/output/overheadRout/prog/advocateTrace does not contain any elements
2026/06/08 17:00:16 Read trace with 0 elements in 0 routines
2026/06/08 17:00:16 Start Analysis
2026/06/08 17:00:16 Finished HB analysis
2026/06/08 17:00:16 Analysis finished
2026/06/08 17:00:16 Finished Rewrite
2026/06/08 17:00:16 Number Results:  0
2026/06/08 17:00:16 Successfully rewrites:  0
2026/06/08 17:00:16 No need/not possible to rewrite:  0
2026/06/08 17:00:16 Failed rewrites:  0
2026/06/08 17:00:16 Start guided execution
2026/06/08 17:00:16 Found 0 rewritten traces
2026/06/08 17:00:16 Create bug reports
2026/06/08 17:00:16 Create statistics
2026/06/08 17:00:16 Finished run for Test10
2026/06/08 17:00:16 Parse recorded trace for fuzzing information
2026/06/08 17:00:16 Create mutations
2026/06/08 17:00:16 Create GoPie mutations
2026/06/08 17:00:16 Mutate 0 scheduling chains
2026/06/08 17:00:16 Write 0 mutations to file
2026/06/08 17:00:16 Create statistics
2026/06/08 17:00:16 Current fuzzing queue size: 0
2026/06/08 17:00:16 Remaining fuzzing time: 9:52 min
2026/06/08 17:00:16 Finish fuzzing after 2 runs
2026/06/08 17:00:16 Create fuzzing statistics
2026/06/08 17:00:16 Create program statistics
2026/06/08 17:00:16 Finished with 0 errors
2026/06/08 17:00:16 No internal replay timeouts occurred
2026/06/08 17:00:16 No bugs have been found/indicated
