2026/06/08 17:00:26 Run go mod tidy
2026/06/08 17:00:26 Start fuzzing in mode GoCRHB
2026/06/08 17:00:26 Run fuzzing on all tests
2026/06/08 17:00:26 Found 1 test files
2026/06/08 17:00:26 Processing file: /home/erik/Arbeit/ADVOCATE/helper/aplas/output/overheadRout/prog/Rout_test.go
2026/06/08 17:00:26 Fuzzing Run:  1
2026/06/08 17:00:26 Create  /home/erik/Arbeit/ADVOCATE/helper/aplas/output/overheadRout/prog/advocateResult/file(1)-test(1)-Rout_test-Test673
2026/06/08 17:00:26 Execute Test
2026/06/08 17:00:28 Text executed
2026/06/08 17:00:28 Run the analyzer for /home/erik/Arbeit/ADVOCATE/helper/aplas/output/overheadRout/prog/advocateTrace
2026/06/08 17:00:28 Read trace with 1347 elements in 673 routines
2026/06/08 17:00:28 Start Analysis
2026/06/08 17:00:28 Finished HB analysis
2026/06/08 17:00:28 Analysis finished
2026/06/08 17:00:28 Finished Rewrite
2026/06/08 17:00:28 Number Results:  0
2026/06/08 17:00:28 Successfully rewrites:  0
2026/06/08 17:00:28 No need/not possible to rewrite:  0
2026/06/08 17:00:28 Failed rewrites:  0
2026/06/08 17:00:28 Start guided execution
2026/06/08 17:00:28 Found 0 rewritten traces
2026/06/08 17:00:28 Create bug reports
2026/06/08 17:00:28 Create statistics
2026/06/08 17:00:28 Finished run for Test673
2026/06/08 17:00:28 Parse recorded trace for fuzzing information
2026/06/08 17:00:28 Create mutations
2026/06/08 17:00:28 Create GoPie mutations
2026/06/08 17:00:29 Mutate 0 scheduling chains
2026/06/08 17:00:29 Write 0 mutations to file
2026/06/08 17:00:29 Create statistics
2026/06/08 17:00:29 Current fuzzing queue size: 0
2026/06/08 17:00:29 Remaining fuzzing time: 9:57 min
2026/06/08 17:00:29 Finish fuzzing after 1 runs
2026/06/08 17:00:29 Create fuzzing statistics
2026/06/08 17:00:29 Create program statistics
2026/06/08 17:00:29 Finished with 0 errors
2026/06/08 17:00:29 No internal replay timeouts occurred
2026/06/08 17:00:29 No bugs have been found/indicated
