2026/06/08 17:00:20 Run go mod tidy
2026/06/08 17:00:20 Start fuzzing in mode GoCRHB
2026/06/08 17:00:20 Run fuzzing on all tests
2026/06/08 17:00:20 Found 1 test files
2026/06/08 17:00:20 Processing file: /home/erik/Arbeit/ADVOCATE/helper/aplas/output/overheadRout/prog/Rout_test.go
2026/06/08 17:00:20 Fuzzing Run:  1
2026/06/08 17:00:20 Create  /home/erik/Arbeit/ADVOCATE/helper/aplas/output/overheadRout/prog/advocateResult/file(1)-test(1)-Rout_test-Test100
2026/06/08 17:00:20 Execute Test
2026/06/08 17:00:21 Text executed
2026/06/08 17:00:21 Run the analyzer for /home/erik/Arbeit/ADVOCATE/helper/aplas/output/overheadRout/prog/advocateTrace
2026/06/08 17:00:21 Read trace with 203 elements in 101 routines
2026/06/08 17:00:21 Start Analysis
2026/06/08 17:00:21 Finished HB analysis
2026/06/08 17:00:21 Analysis finished
2026/06/08 17:00:21 Finished Rewrite
2026/06/08 17:00:21 Number Results:  0
2026/06/08 17:00:21 Successfully rewrites:  0
2026/06/08 17:00:21 No need/not possible to rewrite:  0
2026/06/08 17:00:21 Failed rewrites:  0
2026/06/08 17:00:21 Start guided execution
2026/06/08 17:00:21 Found 0 rewritten traces
2026/06/08 17:00:21 Create bug reports
2026/06/08 17:00:21 Create statistics
2026/06/08 17:00:21 Finished run for Test100
2026/06/08 17:00:21 Parse recorded trace for fuzzing information
2026/06/08 17:00:21 Create mutations
2026/06/08 17:00:21 Create GoPie mutations
2026/06/08 17:00:21 Mutate 0 scheduling chains
2026/06/08 17:00:21 Write 0 mutations to file
2026/06/08 17:00:21 Create statistics
2026/06/08 17:00:21 Current fuzzing queue size: 0
2026/06/08 17:00:21 Remaining fuzzing time: 9:58 min
2026/06/08 17:00:21 Finish fuzzing after 1 runs
2026/06/08 17:00:21 Create fuzzing statistics
2026/06/08 17:00:21 Create program statistics
2026/06/08 17:00:21 Finished with 0 errors
2026/06/08 17:00:21 No internal replay timeouts occurred
2026/06/08 17:00:21 No bugs have been found/indicated
