2026/06/08 17:00:04 [33mUpdated Go version in go.mod to 1.25[0m
2026/06/08 17:00:04 Run go mod tidy
2026/06/08 17:00:06 Start fuzzing in mode GoCRHB
2026/06/08 17:00:06 Run fuzzing on all tests
2026/06/08 17:00:06 Found 1 test files
2026/06/08 17:00:06 Processing file: /home/erik/Arbeit/ADVOCATE/helper/aplas/output/overheadRout/prog/Rout_test.go
2026/06/08 17:00:06 Fuzzing Run:  1
2026/06/08 17:00:06 Create  /home/erik/Arbeit/ADVOCATE/helper/aplas/output/overheadRout/prog/advocateResult/file(1)-test(1)-Rout_test-Test2
2026/06/08 17:00:06 Execute Test
2026/06/08 17:00:09 Text executed
2026/06/08 17:00:09 Run the analyzer for /home/erik/Arbeit/ADVOCATE/helper/aplas/output/overheadRout/prog/advocateTrace
2026/06/08 17:00:09 Read trace with 81 elements in 3 routines
2026/06/08 17:00:09 Start Analysis
2026/06/08 17:00:09 Finished HB analysis
2026/06/08 17:00:09 Analysis finished
2026/06/08 17:00:09 Finished Rewrite
2026/06/08 17:00:09 Number Results:  0
2026/06/08 17:00:09 Successfully rewrites:  0
2026/06/08 17:00:09 No need/not possible to rewrite:  0
2026/06/08 17:00:09 Failed rewrites:  0
2026/06/08 17:00:09 Start guided execution
2026/06/08 17:00:09 Found 0 rewritten traces
2026/06/08 17:00:09 Create bug reports
2026/06/08 17:00:09 Create statistics
2026/06/08 17:00:09 Finished run for Test2
2026/06/08 17:00:09 Parse recorded trace for fuzzing information
2026/06/08 17:00:09 Create mutations
2026/06/08 17:00:09 Create GoPie mutations
2026/06/08 17:00:09 Mutate 24 scheduling chains
2026/06/08 17:00:09 Write 0 mutations to file
2026/06/08 17:00:09 Create statistics
2026/06/08 17:00:09 Current fuzzing queue size: 0
2026/06/08 17:00:09 Remaining fuzzing time: 9:56 min
2026/06/08 17:00:09 Finish fuzzing after 1 runs
2026/06/08 17:00:09 Create fuzzing statistics
2026/06/08 17:00:09 Create program statistics
2026/06/08 17:00:09 Finished with 0 errors
2026/06/08 17:00:09 No internal replay timeouts occurred
2026/06/08 17:00:09 No bugs have been found/indicated
