2026/06/08 17:00:23 Run go mod tidy
2026/06/08 17:00:23 Start fuzzing in mode GoCRHB
2026/06/08 17:00:23 Run fuzzing on all tests
2026/06/08 17:00:23 Found 1 test files
2026/06/08 17:00:23 Processing file: /home/erik/Arbeit/ADVOCATE/helper/aplas/output/overheadRout/prog/Rout_test.go
2026/06/08 17:00:23 Fuzzing Run:  1
2026/06/08 17:00:23 Create  /home/erik/Arbeit/ADVOCATE/helper/aplas/output/overheadRout/prog/advocateResult/file(1)-test(1)-Rout_test-Test281
2026/06/08 17:00:23 Execute Test
2026/06/08 17:00:24 Text executed
2026/06/08 17:00:24 Run the analyzer for /home/erik/Arbeit/ADVOCATE/helper/aplas/output/overheadRout/prog/advocateTrace
2026/06/08 17:00:24 Read trace with 563 elements in 281 routines
2026/06/08 17:00:24 Start Analysis
2026/06/08 17:00:24 Finished HB analysis
2026/06/08 17:00:24 Analysis finished
2026/06/08 17:00:24 Finished Rewrite
2026/06/08 17:00:24 Number Results:  0
2026/06/08 17:00:24 Successfully rewrites:  0
2026/06/08 17:00:24 No need/not possible to rewrite:  0
2026/06/08 17:00:24 Failed rewrites:  0
2026/06/08 17:00:24 Start guided execution
2026/06/08 17:00:24 Found 0 rewritten traces
2026/06/08 17:00:24 Create bug reports
2026/06/08 17:00:24 Create statistics
2026/06/08 17:00:24 Finished run for Test281
2026/06/08 17:00:24 Parse recorded trace for fuzzing information
2026/06/08 17:00:24 Create mutations
2026/06/08 17:00:24 Create GoPie mutations
2026/06/08 17:00:24 Mutate 0 scheduling chains
2026/06/08 17:00:24 Write 0 mutations to file
2026/06/08 17:00:24 Create statistics
2026/06/08 17:00:24 Current fuzzing queue size: 0
2026/06/08 17:00:24 Remaining fuzzing time: 9:58 min
2026/06/08 17:00:24 Finish fuzzing after 1 runs
2026/06/08 17:00:24 Create fuzzing statistics
2026/06/08 17:00:24 Create program statistics
2026/06/08 17:00:24 Finished with 0 errors
2026/06/08 17:00:24 No internal replay timeouts occurred
2026/06/08 17:00:24 No bugs have been found/indicated
