2026/06/08 17:00:24 Run go mod tidy
2026/06/08 17:00:24 Start fuzzing in mode GoCRHB
2026/06/08 17:00:24 Run fuzzing on all tests
2026/06/08 17:00:24 Found 1 test files
2026/06/08 17:00:24 Processing file: /home/erik/Arbeit/ADVOCATE/helper/aplas/output/overheadRout/prog/Rout_test.go
2026/06/08 17:00:24 Fuzzing Run:  1
2026/06/08 17:00:24 Create  /home/erik/Arbeit/ADVOCATE/helper/aplas/output/overheadRout/prog/advocateResult/file(1)-test(1)-Rout_test-Test442
2026/06/08 17:00:24 Execute Test
2026/06/08 17:00:26 Text executed
2026/06/08 17:00:26 Run the analyzer for /home/erik/Arbeit/ADVOCATE/helper/aplas/output/overheadRout/prog/advocateTrace
2026/06/08 17:00:26 Read trace with 887 elements in 443 routines
2026/06/08 17:00:26 Start Analysis
2026/06/08 17:00:26 Finished HB analysis
2026/06/08 17:00:26 Analysis finished
2026/06/08 17:00:26 Finished Rewrite
2026/06/08 17:00:26 Number Results:  0
2026/06/08 17:00:26 Successfully rewrites:  0
2026/06/08 17:00:26 No need/not possible to rewrite:  0
2026/06/08 17:00:26 Failed rewrites:  0
2026/06/08 17:00:26 Start guided execution
2026/06/08 17:00:26 Found 0 rewritten traces
2026/06/08 17:00:26 Create bug reports
2026/06/08 17:00:26 Create statistics
2026/06/08 17:00:26 Finished run for Test442
2026/06/08 17:00:26 Parse recorded trace for fuzzing information
2026/06/08 17:00:26 Create mutations
2026/06/08 17:00:26 Create GoPie mutations
2026/06/08 17:00:26 Mutate 0 scheduling chains
2026/06/08 17:00:26 Write 0 mutations to file
2026/06/08 17:00:26 Create statistics
2026/06/08 17:00:26 Current fuzzing queue size: 0
2026/06/08 17:00:26 Remaining fuzzing time: 9:58 min
2026/06/08 17:00:26 Finish fuzzing after 1 runs
2026/06/08 17:00:26 Create fuzzing statistics
2026/06/08 17:00:26 Create program statistics
2026/06/08 17:00:26 Finished with 0 errors
2026/06/08 17:00:26 No internal replay timeouts occurred
2026/06/08 17:00:26 No bugs have been found/indicated
