2026/06/05 15:42:18 [33mUpdated Go version in go.mod to 1.25[0m
2026/06/05 15:42:18 Run go mod tidy
2026/06/05 15:42:18 Start fuzzing in mode GoCRHB
2026/06/05 15:42:18 Run fuzzing on all tests
2026/06/05 15:42:18 Found 1 test files
2026/06/05 15:42:18 Processing file: /home/advocate/Advocate/Experiments/Advocate/helper/aplas/output/overheadDiff/prog/Rout_test.go
2026/06/05 15:42:18 Fuzzing Run:  1
2026/06/05 15:42:18 Create  /home/advocate/Advocate/Experiments/Advocate/helper/aplas/output/overheadDiff/prog/advocateResult/file(1)-test(1)-Rout_test-Test2
2026/06/05 15:42:18 Execute Test
2026/06/05 15:42:19 Text executed
2026/06/05 15:42:19 Run the analyzer for /home/advocate/Advocate/Experiments/Advocate/helper/aplas/output/overheadDiff/prog/advocateTrace
2026/06/05 15:42:19 Read trace with 10 elements in 3 routines
2026/06/05 15:42:19 Start Analysis
2026/06/05 15:42:19 Finished HB analysis
2026/06/05 15:42:19 Analysis finished
2026/06/05 15:42:19 Finished Rewrite
2026/06/05 15:42:19 Number Results:  0
2026/06/05 15:42:19 Successfully rewrites:  0
2026/06/05 15:42:19 No need/not possible to rewrite:  0
2026/06/05 15:42:19 Failed rewrites:  0
2026/06/05 15:42:19 Start guided execution
2026/06/05 15:42:19 Found 0 rewritten traces
2026/06/05 15:42:19 Create bug reports
2026/06/05 15:42:19 Create statistics
2026/06/05 15:42:19 Finished run for Test2
2026/06/05 15:42:19 Parse recorded trace for fuzzing information
2026/06/05 15:42:19 Create mutations
2026/06/05 15:42:19 Create GoPie mutations
2026/06/05 15:42:19 Mutate 0 scheduling chains
2026/06/05 15:42:19 Write 0 mutations to file
2026/06/05 15:42:19 Create statistics
2026/06/05 15:42:19 Current fuzzing queue size: 0
2026/06/05 15:42:19 Remaining fuzzing time: 9:58 min
2026/06/05 15:42:19 Finish fuzzing after 1 runs
2026/06/05 15:42:19 Create fuzzing statistics
2026/06/05 15:42:19 Create program statistics
2026/06/05 15:42:19 Finished with 0 errors
2026/06/05 15:42:19 No internal replay timeouts occurred
2026/06/05 15:42:19 No bugs have been found/indicated
