2026/06/05 15:42:20 Run go mod tidy
2026/06/05 15:42:20 Start fuzzing in mode GoCRHB
2026/06/05 15:42:20 Run fuzzing on all tests
2026/06/05 15:42:20 Found 1 test files
2026/06/05 15:42:20 Processing file: /home/advocate/Advocate/Experiments/Advocate/helper/aplas/output/overheadDiff/prog/Rout_test.go
2026/06/05 15:42:20 Fuzzing Run:  1
2026/06/05 15:42:20 Create  /home/advocate/Advocate/Experiments/Advocate/helper/aplas/output/overheadDiff/prog/advocateResult/file(1)-test(1)-Rout_test-Test10
2026/06/05 15:42:20 Execute Test
2026/06/05 15:42:22 Text executed
2026/06/05 15:42:22 Run the analyzer for /home/advocate/Advocate/Experiments/Advocate/helper/aplas/output/overheadDiff/prog/advocateTrace
2026/06/05 15:42:22 Read trace with 34 elements in 3 routines
2026/06/05 15:42:22 Start Analysis
2026/06/05 15:42:22 Finished HB analysis
2026/06/05 15:42:22 Analysis finished
2026/06/05 15:42:22 Finished Rewrite
2026/06/05 15:42:22 Number Results:  0
2026/06/05 15:42:22 Successfully rewrites:  0
2026/06/05 15:42:22 No need/not possible to rewrite:  0
2026/06/05 15:42:22 Failed rewrites:  0
2026/06/05 15:42:22 Start guided execution
2026/06/05 15:42:22 Found 0 rewritten traces
2026/06/05 15:42:22 Create bug reports
2026/06/05 15:42:22 Create statistics
2026/06/05 15:42:22 Finished run for Test10
2026/06/05 15:42:22 Parse recorded trace for fuzzing information
2026/06/05 15:42:22 Create mutations
2026/06/05 15:42:22 Create GoPie mutations
2026/06/05 15:42:22 Mutate 0 scheduling chains
2026/06/05 15:42:22 Write 0 mutations to file
2026/06/05 15:42:22 Create statistics
2026/06/05 15:42:22 Current fuzzing queue size: 0
2026/06/05 15:42:22 Remaining fuzzing time: 9:57 min
2026/06/05 15:42:22 Finish fuzzing after 1 runs
2026/06/05 15:42:22 Create fuzzing statistics
2026/06/05 15:42:22 Create program statistics
2026/06/05 15:42:22 Finished with 0 errors
2026/06/05 15:42:22 No internal replay timeouts occurred
2026/06/05 15:42:22 No bugs have been found/indicated
