2026/06/05 15:42:15 [33mUpdated Go version in go.mod to 1.25[0m
2026/06/05 15:42:15 Run go mod tidy
2026/06/05 15:42:15 Start fuzzing in mode GoCRHB
2026/06/05 15:42:15 Run fuzzing on all tests
2026/06/05 15:42:15 Found 1 test files
2026/06/05 15:42:15 Processing file: /home/advocate/Advocate/Experiments/Advocate/helper/aplas/output/overheadRout/prog/Rout_test.go
2026/06/05 15:42:15 Fuzzing Run:  1
2026/06/05 15:42:15 Create  /home/advocate/Advocate/Experiments/Advocate/helper/aplas/output/overheadRout/prog/advocateResult/file(1)-test(1)-Rout_test-Test2
2026/06/05 15:42:15 Execute Test
2026/06/05 15:42:16 Text executed
2026/06/05 15:42:16 Run the analyzer for /home/advocate/Advocate/Experiments/Advocate/helper/aplas/output/overheadRout/prog/advocateTrace
2026/06/05 15:42:16 Read trace with 15 elements in 3 routines
2026/06/05 15:42:16 Start Analysis
2026/06/05 15:42:16 Finished HB analysis
2026/06/05 15:42:16 Analysis finished
2026/06/05 15:42:16 Finished Rewrite
2026/06/05 15:42:16 Number Results:  0
2026/06/05 15:42:16 Successfully rewrites:  0
2026/06/05 15:42:16 No need/not possible to rewrite:  0
2026/06/05 15:42:16 Failed rewrites:  0
2026/06/05 15:42:16 Start guided execution
2026/06/05 15:42:16 Found 0 rewritten traces
2026/06/05 15:42:16 Create bug reports
2026/06/05 15:42:16 Create statistics
2026/06/05 15:42:16 Finished run for Test2
2026/06/05 15:42:16 Parse recorded trace for fuzzing information
2026/06/05 15:42:16 Create mutations
2026/06/05 15:42:16 Create GoPie mutations
2026/06/05 15:42:16 Mutate 0 scheduling chains
2026/06/05 15:42:16 Write 0 mutations to file
2026/06/05 15:42:16 Create statistics
2026/06/05 15:42:16 Current fuzzing queue size: 0
2026/06/05 15:42:16 Remaining fuzzing time: 9:58 min
2026/06/05 15:42:16 Finish fuzzing after 1 runs
2026/06/05 15:42:16 Create fuzzing statistics
2026/06/05 15:42:16 Create program statistics
2026/06/05 15:42:16 Finished with 0 errors
2026/06/05 15:42:16 No internal replay timeouts occurred
2026/06/05 15:42:16 No bugs have been found/indicated
