2026/06/08 16:38:17 Run go mod tidy
2026/06/08 16:38:17 Start fuzzing in mode GoCRHB
2026/06/08 16:38:17 Run fuzzing on all tests
2026/06/08 16:38:17 Found 1 test files
2026/06/08 16:38:17 Processing file: /home/erik/Arbeit/ADVOCATE/helper/aplas/output/overheadElemSame/prog/Rout_test.go
2026/06/08 16:38:17 Fuzzing Run:  1
2026/06/08 16:38:17 Create  /home/erik/Arbeit/ADVOCATE/helper/aplas/output/overheadElemSame/prog/advocateResult/file(1)-test(1)-Rout_test-Test25
2026/06/08 16:38:17 Execute Test
2026/06/08 16:38:19 Text executed
2026/06/08 16:38:19 Run the analyzer for /home/erik/Arbeit/ADVOCATE/helper/aplas/output/overheadElemSame/prog/advocateTrace
2026/06/08 16:38:19 Read trace with 263 elements in 11 routines
2026/06/08 16:38:19 Start Analysis
2026/06/08 16:38:19 Finished HB analysis
2026/06/08 16:38:19 Analysis finished
2026/06/08 16:38:19 Finished Rewrite
2026/06/08 16:38:19 Number Results:  0
2026/06/08 16:38:19 Successfully rewrites:  0
2026/06/08 16:38:19 No need/not possible to rewrite:  0
2026/06/08 16:38:19 Failed rewrites:  0
2026/06/08 16:38:19 Start guided execution
2026/06/08 16:38:19 Found 0 rewritten traces
2026/06/08 16:38:19 Create bug reports
2026/06/08 16:38:19 Create statistics
2026/06/08 16:38:19 Finished run for Test25
2026/06/08 16:38:19 Parse recorded trace for fuzzing information
2026/06/08 16:38:19 Create mutations
2026/06/08 16:38:19 Create GoPie mutations
2026/06/08 16:38:19 Mutate 24 scheduling chains
2026/06/08 16:38:19 Write 14 mutations to file
2026/06/08 16:38:19 Create statistics
2026/06/08 16:38:19 Current fuzzing queue size: 14
2026/06/08 16:38:19 Remaining fuzzing time: 9:58 min
2026/06/08 16:38:19 Fuzzing Run:  2
2026/06/08 16:38:19 Execute Test
2026/06/08 16:38:25 Text executed
2026/06/08 16:38:25 Run the analyzer for /home/erik/Arbeit/ADVOCATE/helper/aplas/output/overheadElemSame/prog/advocateTrace
2026/06/08 16:38:25 Trace at /home/erik/Arbeit/ADVOCATE/helper/aplas/output/overheadElemSame/prog/advocateTrace does not contain any elements
2026/06/08 16:38:25 Read trace with 0 elements in 0 routines
2026/06/08 16:38:25 Start Analysis
2026/06/08 16:38:25 Finished HB analysis
2026/06/08 16:38:25 Analysis finished
2026/06/08 16:38:25 Finished Rewrite
2026/06/08 16:38:25 Number Results:  0
2026/06/08 16:38:25 Successfully rewrites:  0
2026/06/08 16:38:25 No need/not possible to rewrite:  0
2026/06/08 16:38:25 Failed rewrites:  0
2026/06/08 16:38:25 Start guided execution
2026/06/08 16:38:25 Found 0 rewritten traces
2026/06/08 16:38:25 Create bug reports
2026/06/08 16:38:25 Create statistics
2026/06/08 16:38:25 Finished run for Test25
2026/06/08 16:38:25 Parse recorded trace for fuzzing information
2026/06/08 16:38:25 Create mutations
2026/06/08 16:38:25 Create GoPie mutations
2026/06/08 16:38:25 Mutate 0 scheduling chains
2026/06/08 16:38:25 Write 0 mutations to file
2026/06/08 16:38:25 Create statistics
2026/06/08 16:38:25 Current fuzzing queue size: 0
2026/06/08 16:38:25 Remaining fuzzing time: 9:52 min
2026/06/08 16:38:25 Finish fuzzing after 2 runs
2026/06/08 16:38:25 Create fuzzing statistics
2026/06/08 16:38:25 Create program statistics
2026/06/08 16:38:25 Finished with 0 errors
2026/06/08 16:38:25 No internal replay timeouts occurred
2026/06/08 16:38:25 No bugs have been found/indicated
