2026/06/08 16:38:02 [33mUpdated Go version in go.mod to 1.25[0m
2026/06/08 16:38:02 Run go mod tidy
2026/06/08 16:38:02 Start fuzzing in mode GoCRHB
2026/06/08 16:38:02 Run fuzzing on all tests
2026/06/08 16:38:02 Found 1 test files
2026/06/08 16:38:02 Processing file: /home/erik/Arbeit/ADVOCATE/helper/aplas/output/overheadDiff/prog/Rout_test.go
2026/06/08 16:38:02 Fuzzing Run:  1
2026/06/08 16:38:02 Create  /home/erik/Arbeit/ADVOCATE/helper/aplas/output/overheadDiff/prog/advocateResult/file(1)-test(1)-Rout_test-Test2
2026/06/08 16:38:02 Execute Test
2026/06/08 16:38:04 Text executed
2026/06/08 16:38:04 Run the analyzer for /home/erik/Arbeit/ADVOCATE/helper/aplas/output/overheadDiff/prog/advocateTrace
2026/06/08 16:38:04 Read trace with 10 elements in 3 routines
2026/06/08 16:38:04 Start Analysis
2026/06/08 16:38:04 Finished HB analysis
2026/06/08 16:38:04 Analysis finished
2026/06/08 16:38:04 Finished Rewrite
2026/06/08 16:38:04 Number Results:  0
2026/06/08 16:38:04 Successfully rewrites:  0
2026/06/08 16:38:04 No need/not possible to rewrite:  0
2026/06/08 16:38:04 Failed rewrites:  0
2026/06/08 16:38:04 Start guided execution
2026/06/08 16:38:04 Found 0 rewritten traces
2026/06/08 16:38:04 Create bug reports
2026/06/08 16:38:04 Create statistics
2026/06/08 16:38:04 Finished run for Test2
2026/06/08 16:38:04 Parse recorded trace for fuzzing information
2026/06/08 16:38:04 Create mutations
2026/06/08 16:38:04 Create GoPie mutations
2026/06/08 16:38:04 Mutate 0 scheduling chains
2026/06/08 16:38:04 Write 0 mutations to file
2026/06/08 16:38:04 Create statistics
2026/06/08 16:38:04 Current fuzzing queue size: 0
2026/06/08 16:38:04 Remaining fuzzing time: 9:58 min
2026/06/08 16:38:04 Finish fuzzing after 1 runs
2026/06/08 16:38:04 Create fuzzing statistics
2026/06/08 16:38:04 Create program statistics
2026/06/08 16:38:04 Finished with 0 errors
2026/06/08 16:38:04 No internal replay timeouts occurred
2026/06/08 16:38:04 No bugs have been found/indicated
