2026/06/08 16:38:48 Run go mod tidy
2026/06/08 16:38:48 Start fuzzing in mode GoCRHB
2026/06/08 16:38:48 Run fuzzing on all tests
2026/06/08 16:38:48 Found 1 test files
2026/06/08 16:38:48 Processing file: /home/erik/Arbeit/ADVOCATE/helper/aplas/output/overheadElemSame/prog/Rout_test.go
2026/06/08 16:38:48 Fuzzing Run:  1
2026/06/08 16:38:48 Create  /home/erik/Arbeit/ADVOCATE/helper/aplas/output/overheadElemSame/prog/advocateResult/file(1)-test(1)-Rout_test-Test281
2026/06/08 16:38:48 Execute Test
2026/06/08 16:38:50 Text executed
2026/06/08 16:38:50 Run the analyzer for /home/erik/Arbeit/ADVOCATE/helper/aplas/output/overheadElemSame/prog/advocateTrace
2026/06/08 16:38:50 Read trace with 2823 elements in 11 routines
2026/06/08 16:38:50 Start Analysis
2026/06/08 16:38:50 Finished HB analysis
2026/06/08 16:38:50 Analysis finished
2026/06/08 16:38:50 Finished Rewrite
2026/06/08 16:38:50 Number Results:  0
2026/06/08 16:38:50 Successfully rewrites:  0
2026/06/08 16:38:50 No need/not possible to rewrite:  0
2026/06/08 16:38:50 Failed rewrites:  0
2026/06/08 16:38:50 Start guided execution
2026/06/08 16:38:50 Found 0 rewritten traces
2026/06/08 16:38:50 Create bug reports
2026/06/08 16:38:50 Create statistics
2026/06/08 16:38:50 Finished run for Test281
2026/06/08 16:38:50 Parse recorded trace for fuzzing information
2026/06/08 16:38:50 Create mutations
2026/06/08 16:38:50 Create GoPie mutations
2026/06/08 16:38:50 Mutate 24 scheduling chains
2026/06/08 16:38:50 Write 15 mutations to file
2026/06/08 16:38:50 Create statistics
2026/06/08 16:38:50 Current fuzzing queue size: 15
2026/06/08 16:38:50 Remaining fuzzing time: 9:58 min
2026/06/08 16:38:50 Fuzzing Run:  2
2026/06/08 16:38:50 Execute Test
2026/06/08 16:38:56 Text executed
2026/06/08 16:38:56 Run the analyzer for /home/erik/Arbeit/ADVOCATE/helper/aplas/output/overheadElemSame/prog/advocateTrace
2026/06/08 16:38:56 Trace at /home/erik/Arbeit/ADVOCATE/helper/aplas/output/overheadElemSame/prog/advocateTrace does not contain any elements
2026/06/08 16:38:56 Read trace with 0 elements in 0 routines
2026/06/08 16:38:56 Start Analysis
2026/06/08 16:38:56 Finished HB analysis
2026/06/08 16:38:56 Analysis finished
2026/06/08 16:38:56 Finished Rewrite
2026/06/08 16:38:56 Number Results:  0
2026/06/08 16:38:56 Successfully rewrites:  0
2026/06/08 16:38:56 No need/not possible to rewrite:  0
2026/06/08 16:38:56 Failed rewrites:  0
2026/06/08 16:38:56 Start guided execution
2026/06/08 16:38:56 Found 0 rewritten traces
2026/06/08 16:38:56 Create bug reports
2026/06/08 16:38:56 Create statistics
2026/06/08 16:38:56 Finished run for Test281
2026/06/08 16:38:56 Parse recorded trace for fuzzing information
2026/06/08 16:38:56 Create mutations
2026/06/08 16:38:56 Create GoPie mutations
2026/06/08 16:38:56 Mutate 0 scheduling chains
2026/06/08 16:38:56 Write 0 mutations to file
2026/06/08 16:38:56 Create statistics
2026/06/08 16:38:56 Current fuzzing queue size: 0
2026/06/08 16:38:56 Remaining fuzzing time: 9:51 min
2026/06/08 16:38:56 Finish fuzzing after 2 runs
2026/06/08 16:38:56 Create fuzzing statistics
2026/06/08 16:38:56 Create program statistics
2026/06/08 16:38:56 Finished with 0 errors
2026/06/08 16:38:56 No internal replay timeouts occurred
2026/06/08 16:38:56 No bugs have been found/indicated
