2026/06/08 16:44:55 [33mUpdated Go version in go.mod to 1.25[0m
2026/06/08 16:44:55 Run go mod tidy
2026/06/08 16:44:55 Start fuzzing in mode GoCRHB
2026/06/08 16:44:55 Run fuzzing on all tests
2026/06/08 16:44:55 Found 1 test files
2026/06/08 16:44:55 Processing file: /home/erik/Arbeit/ADVOCATE/helper/aplas/output/overheadRout/prog/Rout_test.go
2026/06/08 16:44:55 Fuzzing Run:  1
2026/06/08 16:44:55 Create  /home/erik/Arbeit/ADVOCATE/helper/aplas/output/overheadRout/prog/advocateResult/file(1)-test(1)-Rout_test-Test2
2026/06/08 16:44:55 Execute Test
2026/06/08 16:45:30 [31mNot enough RAM[0m
2026/06/08 16:45:30 goroutine 8 [running]:
advocate/utils/control.printAllGoroutines()
	/home/erik/Arbeit/ADVOCATE/advocate/utils/control/utils.go:20 +0x3d
advocate/utils/control.cancelRAM(0x775178, 0x775170, 0x775180)
	/home/erik/Arbeit/ADVOCATE/advocate/utils/control/memory.go:109 +0x6e
advocate/utils/control.Supervisor(0x775178, 0x775170, 0x775180)
	/home/erik/Arbeit/ADVOCATE/advocate/utils/control/memory.go:79 +0x12f
created by advocate/run.Run in goroutine 1
	/home/erik/Arbeit/ADVOCATE/advocate/run/run.go:63 +0x26f

goroutine 1 [syscall]:
syscall.Syscall6(0xf7, 0x3, 0x9, 0xc000155260, 0x4, 0xc000136360, 0x0)
	/usr/local/go/src/syscall/syscall_linux.go:96 +0x39
internal/syscall/unix.Waitid(0x4f0f75?, 0xc00001a2a0?, 0x0?, 0xc0001302a0?, 0x7?)
	/usr/local/go/src/internal/syscall/unix/waitid_linux.go:18 +0x39
os.(*Process).pidfdWait.func1(...)
	/usr/local/go/src/os/pidfd_linux.go:109
os.ignoringEINTR(...)
	/usr/local/go/src/os/file_posix.go:256
os.(*Process).pidfdWait(0xc000030e40)
	/usr/local/go/src/os/pidfd_linux.go:108 +0x1a9
os.(*Process).wait(0x4f12a0?)
	/usr/local/go/src/os/exec_unix.go:25 +0x1a
os.(*Process).Wait(...)
	/usr/local/go/src/os/exec.go:340
os/exec.(*Cmd).Wait(0xc00012e780)
	/usr/local/go/src/os/exec/exec.go:922 +0x45
os/exec.(*Cmd).Run(0xc00012e780)
	/usr/local/go/src/os/exec/exec.go:626 +0x2d
advocate/utils/command.RunCommand(0xc000052040, 0xc000052048, 0xc00001a270?, {0xc00001a2a0, 0x29}, {0xc0001555c8, 0x6, 0x6})
	/home/erik/Arbeit/ADVOCATE/advocate/utils/command/runCommands.go:66 +0x215
advocate/toolchain.unitTestRecord({0x755b4a, 0x1}, {0xc00014a960, 0x4d}, {0xc00015e130, 0x5}, 0x0, {0x0, 0x0}, {0x757c36, ...}, ...)
	/home/erik/Arbeit/ADVOCATE/advocate/toolchain/fullWorkflowUnit.go:572 +0x4ea
advocate/toolchain.unitTestFullWorkflow({0xc00001a240?, 0x1a}, {0x7ffd005390da, 0x40}, 0x1, 0x1, 0x1, {0xc00015e130, 0x5}, {0x755b4a, ...}, ...)
	/home/erik/Arbeit/ADVOCATE/advocate/toolchain/fullWorkflowUnit.go:470 +0x4ba
advocate/toolchain.runWorkflowUnit({0x7ffd005390da, 0x40}, 0x1, 0x1, 0x1, {0xc00014a500, 0x4d}, 0x0, {0x0, 0x0}, ...)
	/home/erik/Arbeit/ADVOCATE/advocate/toolchain/fullWorkflowUnit.go:171 +0x1085
advocate/toolchain.Run({0x755efd, 0x4}, {0xc00014a500, 0x4d}, 0x1, 0x1, 0x1, 0x0, {0x0, 0x0}, ...)
	/home/erik/Arbeit/ADVOCATE/advocate/toolchain/toolchain.go:72 +0x2f5
advocate/fuzzing.runFuzzing({0xc00014a500, 0x4d}, 0x1, 0x1, 0x1)
	/home/erik/Arbeit/ADVOCATE/advocate/fuzzing/fuzzing.go:217 +0x57f
advocate/fuzzing.Fuzzing()
	/home/erik/Arbeit/ADVOCATE/advocate/fuzzing/fuzzing.go:135 +0xdd8
advocate/run.modeFuzzing()
	/home/erik/Arbeit/ADVOCATE/advocate/run/modes.go:34 +0x5e
advocate/run.Run()
	/home/erik/Arbeit/ADVOCATE/advocate/run/run.go:100 +0x595
main.main()
	/home/erik/Arbeit/ADVOCATE/advocate/main.go:28 +0x1c

goroutine 11 [select]:
os/exec.(*Cmd).watchCtx(0xc00012e780, 0xc00007e4d0)
	/usr/local/go/src/os/exec/exec.go:789 +0xb2
created by os/exec.(*Cmd).Start in goroutine 1
	/usr/local/go/src/os/exec/exec.go:775 +0x8fd
2026/06/08 16:45:30 Text executed
2026/06/08 16:45:30 Run the analyzer for /home/erik/Arbeit/ADVOCATE/helper/aplas/output/overheadRout/prog/advocateTrace
2026/06/08 16:45:30 Trace at /home/erik/Arbeit/ADVOCATE/helper/aplas/output/overheadRout/prog/advocateTrace does not contain any elements
2026/06/08 16:45:30 Read trace with 0 elements in 0 routines
2026/06/08 16:45:30 Start Analysis
2026/06/08 16:45:30 Finished HB analysis
2026/06/08 16:45:30 [31mAnalysis was canceled due to insufficient RAM[0m
2026/06/08 16:45:30 Create statistics
2026/06/08 16:45:30 Finished run for Test2
2026/06/08 16:45:30 Parse recorded trace for fuzzing information
2026/06/08 16:45:30 [31mFuzzing run was canceled due to memory[0m
2026/06/08 16:45:30 Finish fuzzing after 1 runs
2026/06/08 16:45:30 Create fuzzing statistics
2026/06/08 16:45:30 Create program statistics
2026/06/08 16:45:30 [31mFinished with 3 errors[0m
2026/06/08 16:45:30 No internal replay timeouts occurred
2026/06/08 16:45:30 No bugs have been found/indicated
