2026/06/08 16:39:05 Run go mod tidy
2026/06/08 16:39:05 Start fuzzing in mode GoCRHB
2026/06/08 16:39:05 Run fuzzing on all tests
2026/06/08 16:39:05 Found 1 test files
2026/06/08 16:39:05 Processing file: /home/erik/Arbeit/ADVOCATE/helper/aplas/output/overheadElemSame/prog/Rout_test.go
2026/06/08 16:39:05 Fuzzing Run:  1
2026/06/08 16:39:05 Create  /home/erik/Arbeit/ADVOCATE/helper/aplas/output/overheadElemSame/prog/advocateResult/file(1)-test(1)-Rout_test-Test673
2026/06/08 16:39:05 Execute Test
2026/06/08 16:39:07 Text executed
2026/06/08 16:39:07 Run the analyzer for /home/erik/Arbeit/ADVOCATE/helper/aplas/output/overheadElemSame/prog/advocateTrace
2026/06/08 16:39:07 Read trace with 6743 elements in 19 routines
2026/06/08 16:39:07 Start Analysis
2026/06/08 16:39:07 Finished HB analysis
2026/06/08 16:39:07 Analysis finished
2026/06/08 16:39:07 Finished Rewrite
2026/06/08 16:39:07 Number Results:  0
2026/06/08 16:39:07 Successfully rewrites:  0
2026/06/08 16:39:07 No need/not possible to rewrite:  0
2026/06/08 16:39:07 Failed rewrites:  0
2026/06/08 16:39:07 Start guided execution
2026/06/08 16:39:07 Found 0 rewritten traces
2026/06/08 16:39:07 Create bug reports
2026/06/08 16:39:07 Create statistics
2026/06/08 16:39:07 Finished run for Test673
2026/06/08 16:39:07 Parse recorded trace for fuzzing information
2026/06/08 16:39:07 Create mutations
2026/06/08 16:39:07 Create GoPie mutations
2026/06/08 16:39:08 Mutate 24 scheduling chains
2026/06/08 16:39:08 Write 17 mutations to file
2026/06/08 16:39:08 Create statistics
2026/06/08 16:39:08 Current fuzzing queue size: 17
2026/06/08 16:39:08 Remaining fuzzing time: 9:57 min
2026/06/08 16:39:08 Fuzzing Run:  2
2026/06/08 16:39:08 Execute Test
2026/06/08 16:39:14 Text executed
2026/06/08 16:39:14 Run the analyzer for /home/erik/Arbeit/ADVOCATE/helper/aplas/output/overheadElemSame/prog/advocateTrace
2026/06/08 16:39:14 Trace at /home/erik/Arbeit/ADVOCATE/helper/aplas/output/overheadElemSame/prog/advocateTrace does not contain any elements
2026/06/08 16:39:14 Read trace with 0 elements in 0 routines
2026/06/08 16:39:14 Start Analysis
2026/06/08 16:39:14 Finished HB analysis
2026/06/08 16:39:14 Analysis finished
2026/06/08 16:39:14 Finished Rewrite
2026/06/08 16:39:14 Number Results:  0
2026/06/08 16:39:14 Successfully rewrites:  0
2026/06/08 16:39:14 No need/not possible to rewrite:  0
2026/06/08 16:39:14 Failed rewrites:  0
2026/06/08 16:39:14 Start guided execution
2026/06/08 16:39:14 Found 0 rewritten traces
2026/06/08 16:39:14 Create bug reports
2026/06/08 16:39:14 Create statistics
2026/06/08 16:39:14 Finished run for Test673
2026/06/08 16:39:14 Parse recorded trace for fuzzing information
2026/06/08 16:39:14 Create mutations
2026/06/08 16:39:14 Create GoPie mutations
2026/06/08 16:39:14 Mutate 0 scheduling chains
2026/06/08 16:39:14 Write 0 mutations to file
2026/06/08 16:39:14 Create statistics
2026/06/08 16:39:14 Current fuzzing queue size: 0
2026/06/08 16:39:14 Remaining fuzzing time: 9:51 min
2026/06/08 16:39:14 Finish fuzzing after 2 runs
2026/06/08 16:39:14 Create fuzzing statistics
2026/06/08 16:39:14 Create program statistics
2026/06/08 16:39:14 Finished with 0 errors
2026/06/08 16:39:14 No internal replay timeouts occurred
2026/06/08 16:39:14 No bugs have been found/indicated
