2026/06/08 16:38:02 [33mUpdated Go version in go.mod to 1.25[0m
2026/06/08 16:38:02 Run go mod tidy
2026/06/08 16:38:02 Start fuzzing in mode GoCRHB
2026/06/08 16:38:02 Run fuzzing on all tests
2026/06/08 16:38:02 Found 1 test files
2026/06/08 16:38:02 Processing file: /home/erik/Arbeit/ADVOCATE/helper/aplas/output/overheadElemSame/prog/Rout_test.go
2026/06/08 16:38:02 Fuzzing Run:  1
2026/06/08 16:38:02 Create  /home/erik/Arbeit/ADVOCATE/helper/aplas/output/overheadElemSame/prog/advocateResult/file(1)-test(1)-Rout_test-Test2
2026/06/08 16:38:02 Execute Test
2026/06/08 16:38:04 Text executed
2026/06/08 16:38:04 Run the analyzer for /home/erik/Arbeit/ADVOCATE/helper/aplas/output/overheadElemSame/prog/advocateTrace
2026/06/08 16:38:04 Read trace with 33 elements in 11 routines
2026/06/08 16:38:04 Start Analysis
2026/06/08 16:38:04 Finished HB analysis
2026/06/08 16:38:04 Analysis finished
2026/06/08 16:38:04 Finished Rewrite
2026/06/08 16:38:04 Number Results:  0
2026/06/08 16:38:04 Successfully rewrites:  0
2026/06/08 16:38:04 No need/not possible to rewrite:  0
2026/06/08 16:38:04 Failed rewrites:  0
2026/06/08 16:38:04 Start guided execution
2026/06/08 16:38:04 Found 0 rewritten traces
2026/06/08 16:38:04 Create bug reports
2026/06/08 16:38:04 Create statistics
2026/06/08 16:38:04 Finished run for Test2
2026/06/08 16:38:04 Parse recorded trace for fuzzing information
2026/06/08 16:38:04 Create mutations
2026/06/08 16:38:04 Create GoPie mutations
2026/06/08 16:38:04 Mutate 24 scheduling chains
2026/06/08 16:38:04 Write 20 mutations to file
2026/06/08 16:38:04 Create statistics
2026/06/08 16:38:04 Current fuzzing queue size: 20
2026/06/08 16:38:04 Remaining fuzzing time: 9:58 min
2026/06/08 16:38:04 Fuzzing Run:  2
2026/06/08 16:38:04 Execute Test
2026/06/08 16:38:10 Text executed
2026/06/08 16:38:10 Run the analyzer for /home/erik/Arbeit/ADVOCATE/helper/aplas/output/overheadElemSame/prog/advocateTrace
2026/06/08 16:38:10 Trace at /home/erik/Arbeit/ADVOCATE/helper/aplas/output/overheadElemSame/prog/advocateTrace does not contain any elements
2026/06/08 16:38:10 Read trace with 0 elements in 0 routines
2026/06/08 16:38:10 Start Analysis
2026/06/08 16:38:10 Finished HB analysis
2026/06/08 16:38:10 Analysis finished
2026/06/08 16:38:10 Finished Rewrite
2026/06/08 16:38:10 Number Results:  0
2026/06/08 16:38:10 Successfully rewrites:  0
2026/06/08 16:38:10 No need/not possible to rewrite:  0
2026/06/08 16:38:10 Failed rewrites:  0
2026/06/08 16:38:10 Start guided execution
2026/06/08 16:38:10 Found 0 rewritten traces
2026/06/08 16:38:10 Create bug reports
2026/06/08 16:38:10 Create statistics
2026/06/08 16:38:10 Finished run for Test2
2026/06/08 16:38:10 Parse recorded trace for fuzzing information
2026/06/08 16:38:10 Create mutations
2026/06/08 16:38:10 Create GoPie mutations
2026/06/08 16:38:10 Mutate 0 scheduling chains
2026/06/08 16:38:10 Write 0 mutations to file
2026/06/08 16:38:10 Create statistics
2026/06/08 16:38:10 Current fuzzing queue size: 0
2026/06/08 16:38:10 Remaining fuzzing time: 9:52 min
2026/06/08 16:38:10 Finish fuzzing after 2 runs
2026/06/08 16:38:10 Create fuzzing statistics
2026/06/08 16:38:10 Create program statistics
2026/06/08 16:38:10 Finished with 0 errors
2026/06/08 16:38:10 No internal replay timeouts occurred
2026/06/08 16:38:10 No bugs have been found/indicated
